../Core/Src/main.c:73:9:debounce_check	16	static
../Core/Src/main.c:82:6:toggle_led	16	static
../Core/Src/main.c:86:6:HAL_GPIO_EXTI_Callback	16	static
../Core/Src/main.c:134:6:HAL_TIM_IC_CaptureCallback	16	static
../Core/Src/main.c:145:5:main	8	static
../Core/Src/main.c:205:6:SystemClock_Config	88	static
../Core/Src/main.c:252:13:MX_ADC1_Init	24	static
../Core/Src/main.c:304:13:MX_I2C1_Init	8	static
../Core/Src/main.c:338:13:MX_TIM3_Init	56	static
../Core/Src/main.c:387:13:MX_GPIO_Init	48	static
../Core/Src/main.c:431:6:Error_Handler	4	static,ignoring_inline_asm
