../Core/Src/main.c:74:9:debounce_check	16	static
../Core/Src/main.c:83:6:HAL_GPIO_EXTI_Callback	16	static
../Core/Src/main.c:130:6:HAL_TIM_IC_CaptureCallback	16	static
../Core/Src/main.c:141:5:main	8	static
../Core/Src/main.c:214:6:SystemClock_Config	88	static
../Core/Src/main.c:261:13:MX_ADC1_Init	24	static
../Core/Src/main.c:313:13:MX_I2C1_Init	8	static
../Core/Src/main.c:347:13:MX_TIM3_Init	56	static
../Core/Src/main.c:396:13:MX_GPIO_Init	48	static
../Core/Src/main.c:440:6:Error_Handler	4	static,ignoring_inline_asm
